src/App.test.tsx(3,17): error TS2307: Cannot find module '../App' or its corresponding type declarations.
src/App.tsx(3,26): error TS2305: Module '"./types"' has no exported member 'AccentColor'.
src/components/ErrorBoundary.tsx(30,22): error TS2339: Property 'props' does not exist on type 'ErrorBoundary'.
src/components/ErrorBoundary.tsx(31,29): error TS2339: Property 'props' does not exist on type 'ErrorBoundary'.
src/components/ErrorBoundary.tsx(49,21): error TS2339: Property 'props' does not exist on type 'ErrorBoundary'.
src/components/LocationPicker.tsx(2,71): error TS2307: Cannot find module 'react-leaflet' or its corresponding type declarations.
src/components/LocationPicker.tsx(3,15): error TS2307: Cannot find module 'leaflet' or its corresponding type declarations.
src/components/LogHistoryStatsBar.tsx(22,31): error TS2769: No overload matches this call.
  Overload 1 of 4, '(value: string | number | Date): Date', gave the following error.
    Argument of type 'unknown' is not assignable to parameter of type 'string | number | Date'.
  Overload 2 of 4, '(value: string | number): Date', gave the following error.
    Argument of type 'unknown' is not assignable to parameter of type 'string | number'.
src/components/LogHistoryStatsBar.tsx(23,31): error TS2769: No overload matches this call.
  Overload 1 of 4, '(value: string | number | Date): Date', gave the following error.
    Argument of type 'unknown' is not assignable to parameter of type 'string | number | Date'.
  Overload 2 of 4, '(value: string | number): Date', gave the following error.
    Argument of type 'unknown' is not assignable to parameter of type 'string | number'.
src/components/ui/Skeleton.tsx(6,4): error TS2503: Cannot find namespace 'React'.
src/features/analytics/StationAnalysis.tsx(8,5): error TS2300: Duplicate identifier 'liters'.
src/features/analytics/StationAnalysis.tsx(9,5): error TS2300: Duplicate identifier 'liters'.
src/features/fuel/FuelPurchaseForm.tsx(4,38): error TS2307: Cannot find module '../../stores/gamificationStore' or its corresponding type declarations.
src/features/history/LogHistory.tsx(50,31): error TS2769: No overload matches this call.
  Overload 1 of 4, '(value: string | number | Date): Date', gave the following error.
    Argument of type 'unknown' is not assignable to parameter of type 'string | number | Date'.
  Overload 2 of 4, '(value: string | number): Date', gave the following error.
    Argument of type 'unknown' is not assignable to parameter of type 'string | number'.
src/features/history/LogHistory.tsx(51,31): error TS2769: No overload matches this call.
  Overload 1 of 4, '(value: string | number | Date): Date', gave the following error.
    Argument of type 'unknown' is not assignable to parameter of type 'string | number | Date'.
  Overload 2 of 4, '(value: string | number): Date', gave the following error.
    Argument of type 'unknown' is not assignable to parameter of type 'string | number'.
src/features/settings/CloudSync.tsx(79,24): error TS2339: Property 'data' does not exist on type '{ error: Error; }'.
src/features/settings/components/ExcelImport.tsx(3,26): error TS2307: Cannot find module './types' or its corresponding type declarations.
src/features/settings/SettingsPage.tsx(2,10): error TS2305: Module '"../../types"' has no exported member 'AccentColor'.
